node : C:\Users\niral\workspace\Mandae\node_modules\@prisma\
client\runtime\client.js:70
No linha:1 caractere:1
+ node test-db.mjs > test-output.txt 2>&1
+ ~~~~~~~~~~~~~~~~~~~~~~~~~~~~~~~~~~~~~~~
    + CategoryInfo          : NotSpecified: (C:\Users\niral 
   \...me\client.js:70:String) [], RemoteException
    + FullyQualifiedErrorId : NativeCommandError
 
${n}`}var 
Ul=require("@prisma/client-runtime-utils");function 
Bl(e){return e.length===0?Promise.resolve([]):new 
Promise((t,r)=>{let n=new Array(e.length),i=null,o=!1,s=0,a=
()=>{o||(s++,s===e.length&&(o=!0,i?r(i):t(n)))},l=u=>{o||(o=
!0,r(u))};for(let u=0;u<e.length;u++)e[u].then(c=>{n[u]=c,a(
)},c=>{if(!(0,Ul.hasBatchIndex)(c)){l(c);return}c.batchReque
stIdx===u?l(c):(i||(i=c),a())})})}var 
Bt=F("prisma:client");typeof 
globalThis=="object"&&(globalThis.NODE_CLIENT=!0);var Im={re
questArgsToMiddlewareArgs:e=>e,middlewareArgsToRequestArgs:e
=>e},Om=Symbol.for("prisma.client.transaction.id"),Nm={id:0,
nextId(){return++this.id}};function zl(e){class t{_originalC
lient=this;_runtimeDataModel;_requestHandler;_connectionProm
ise;_disconnectionPromise;_engineConfig;_accelerateEngineCon
fig;_clientVersion;_errorFormat;_tracingHelper;_previewFeatu
res;_activeProvider;_globalOmit;_extensions;_engine;_applied
Parent;_createPrismaPromise=di();constructor(n){if(!n)throw 
new w.PrismaClientInitializationError("`PrismaClient` needs 
to be constructed with a non-empty, valid 
`PrismaClientOptions`:\n\n```\nnew PrismaClient({\n  
...\n})\n```\n\nor\n\n```\nconstructor() {\n  super({ ... 
});\n}\n```\n          
",hi);e=n.__internal?.configOverride?.(e)??e,jl(n,e);let 
i=new Gl.EventEmitter().on("error",()=>{});this._extensions=
Be.empty(),this._previewFeatures=e.previewFeatures,this._cli
entVersion=e.clientVersion??hi,this._activeProvider=e.active
Provider,this._globalOmit=n?.omit,this._tracingHelper=kl();l
et o;if(n.adapter){o=n.adapter;let s=e.activeProvider==="pos
tgresql"||e.activeProvider==="cockroachdb"?"postgres":e.acti
veProvider;if(o.provider!==s)throw new 
w.PrismaClientInitializationError(`The Driver Adapter 
\`${o.adapterName}\`, based on \`${o.provider}\`, is not 
compatible with the provider \`${s}\` specified in the 
Prisma schema.`,this._clientVersion)}try{let s=n??{},l=(s.__
internal??{}).debug===!0;if(l&&F.enable("prisma:client"),s.e
rrorFormat?this._errorFormat=s.errorFormat:process.env.NODE_
ENV==="production"?this._errorFormat="minimal":process.env.N
O_COLOR?this._errorFormat="colorless":this._errorFormat="col
orless",this._runtimeDataModel=e.runtimeDataModel,this._engi
neConfig={enableDebugLogs:l,logLevel:s.log&&Ol(s.log),logQue
ries:s.log&&!!(typeof 
s.log=="string"?s.log==="query":s.log.find(u=>typeof u=="str
ing"?u==="query":u.level==="query")),compilerWasm:e.compiler
Wasm,clientVersion:e.clientVersion,previewFeatures:this._pre
viewFeatures,activeProvider:e.activeProvider,inlineSchema:e.
inlineSchema,tracingHelper:this._tracingHelper,transactionOp
tions:{maxWait:s.transactionOptions?.maxWait??2e3,timeout:s.
transactionOptions?.timeout??5e3,isolationLevel:s.transactio
nOptions?.isolationLevel},logEmitter:i,adapter:o,accelerateU
rl:s.accelerateUrl,sqlCommenters:s.comments,parameterization
Schema:e.parameterizationSchema,runtimeDataModel:e.runtimeDa
taModel},this._accelerateEngineConfig=Object.create(this._en
gineConfig),this._accelerateEngineConfig.accelerateUtils={re
solveDatasourceUrl:()=>{if(s.accelerateUrl)return 
s.accelerateUrl;throw new 
w.PrismaClientInitializationError(`\`accelerateUrl\` is 
required when using \`@prisma/extension-accelerate\`:
                                                            
                                                            
                                                            
                                                            
                                                            
                                                            
                                                            
                                                            
                                                            
                                                            
                                                            
                                                            
                                                            
                                                            
                                                            
                                                           ^

PrismaClientInitializationError: `PrismaClient` needs to be 
constructed with a non-empty, valid `PrismaClientOptions`:

```
new PrismaClient({
  ...
})
```

or

```
constructor() {
  super({ ... });
}
```
          
    at new t (C:\Users\niral\workspace\Mandae\node_modules\@
prisma\client\runtime\client.js:70:960)
    at 
file:///C:/Users/niral/workspace/Mandae/test-db.mjs:3:16
    at ModuleJob.run 
(node:internal/modules/esm/module_job:430:25)
    at async onImport.tracePromise.__proto__ 
(node:internal/modules/esm/loader:661:26)
    at async asyncRunEntryPointWithESMLoader 
(node:internal/modules/run_main:101:5) {
  clientVersion: '7.4.2',
  errorCode: undefined,
  retryable: undefined
}

Node.js v24.14.0
